node.exe : Error: Cannot find package '@/lib' imported from C:\koperasi-os\scripts\tests\verify-new-flow.ts
At line:1 char:1
+ & "C:\Program Files\nodejs/node.exe" "C:\Program Files\nodejs/node_mo ...
+ ~~~~~~~~~~~~~~~~~~~~~~~~~~~~~~~~~~~~~~~~~~~~~~~~~~~~~~~~~~~~~~~~~~~~~
    + CategoryInfo          : NotSpecified: (Error: Cannot f...ify-new-flow.ts:String) [], RemoteException
    + FullyQualifiedErrorId : NativeCommandError
 
    at Object.getPackageJSONURL (node:internal/modules/package_json_reader:316:9)
    at packageResolve (node:internal/modules/esm/resolve:768:81)
    at moduleResolve (node:internal/modules/esm/resolve:858:18)
    at defaultResolve (node:internal/modules/esm/resolve:990:11)
    at ModuleLoader.#cachedDefaultResolve (node:internal/modules/esm/loader:737:20)
    at ModuleLoader.resolve (node:internal/modules/esm/loader:714:38)
    at ModuleLoader.getModuleJobForImport (node:internal/modules/esm/loader:293:38)
    at ModuleJob.#link (node:internal/modules/esm/module_job:208:49) {
  code: 'ERR_MODULE_NOT_FOUND'
}
